Microchip MPLAB XC8 Compiler V2.36

Linker command line:

-W-3 --edf=C:\Program Files\Microchip\xc8\v2.36\pic\dat\en_msgs.txt -cn \
  -h+dist/default/production\Lab7_Vel18352.X.production.sym \
  --cmf=dist/default/production\Lab7_Vel18352.X.production.cmf -z -Q16F887 \
  -oC:\Users\vasqu\AppData\Local\Temp\xcAsqok.4 --defsym=__MPLAB_BUILD=1 \
  -Mdist/default/production/Lab7_Vel18352.X.production.map \
  --md=C:\Users\vasqu\AppData\Local\Temp\xcAsqok.dat -E1 -ver=XC8 Compiler \
  --acfsm=1493 -ACODE=00h-07FFhx4 -ASTRCODE=00h-01FFFh -ASTRING=00h-0FFhx32 \
  -ACONST=00h-0FFhx32 -AENTRY=00h-0FFhx32 -ACOMMON=070h-07Fh \
  -ABANK0=020h-06Fh -ABANK1=0A0h-0EFh -ABANK2=0110h-016Fh \
  -ABANK3=0190h-01EFh -ARAM=020h-06Fh,0A0h-0EFh,0110h-016Fh,0190h-01EFh \
  -AABS1=020h-07Fh,0A0h-0EFh,0110h-016Fh,0190h-01EFh -ASFR0=00h-01Fh \
  -ASFR1=080h-09Fh -ASFR2=0100h-010Fh -ASFR3=0180h-018Fh \
  -ACONFIG=02007h-02008h -DCONFIG=2 -AIDLOC=02000h-02003h -DIDLOC=2 \
  -AEEDATA=00h-0FFh/02100h -peeprom_data=EEDATA -DEEDATA=2 -DCODE=2 \
  -DSTRCODE=2 -DSTRING=2 -DCONST=2 -DENTRY=2 \
  -preset_vec=00h,intentry=04h,init,end_init -ppowerup=CODE -pcinit=CODE \
  -pfunctab=ENTRY -k C:\Users\vasqu\AppData\Local\Temp\xcAsqok.o \
  dist/default/production\Lab7_Vel18352.X.production.o 

Object code version is 3.11

Machine type is 16F887



                Name                               Link     Load   Length Selector   Space Scale
C:\Users\vasqu\AppData\Local\Temp\xcAsqok.o
                end_init                             10       10        3        8       0
                reset_vec                             0        0        3        0       0
                config                             2007     2007        2        0       4
                idloc                              2000     2000        4        0       5
dist/default/production\Lab7_Vel18352.X.production.o
                cinit                                13       13       18        8       0
                intentry                              4        4        C        8       0
                config                             2007     2007        2        0       4
                idloc                              2000     2000        4        0       5
                text16                              C2F      C2F       45     185E       0
                text15                              38C      38C      288        8       0
                text14                              614      614      1DD        8       0
                text13                              BA0      BA0       27     1740       0
                text12                               2B       2B      361        8       0
                text11                              D39      D39       9C     1A72       0
                text10                              E87      E87       BA     1D0E       0
                text9                               DD5      DD5       B2     1BAA       0
                text8                               F41      F41       BF     1E82       0
                text7                               CD2      CD2       67     19A4       0
                text6                               BF1      BF1       3E     17E2       0
                text5                               B70      B70       11     16E0       0
                text4                               B65      B65        B     16CA       0
                text3                               C74      C74       5E     18E8       0
                text2                               B81      B81       1F     1702       0
                text1                               7F1      7F1        D        8       0
                maintext                            BC7      BC7       2A     178E       0
                cstackBANK0                          20       20       4F       20       1
                cstackCOMMON                         70       70        E       70       1
                cstackBANK1                          A0       A0       15       A0       1
                dataBANK1                            C1       C1        1       A0       1
                bssBANK1                             B5       B5        C       A0       1
                idataBANK1                          7FE      7FE        1        8       0

TOTAL           Name                               Link     Load   Length     Space
        CLASS   CODE           
                end_init                             10       10        3         0
                cinit                                13       13       18         0
                intentry                              4        4        C         0
                reset_vec                             0        0        3         0
                text16                              C2F      C2F       45         0
                text15                              38C      38C      288         0
                text14                              614      614      1DD         0
                text13                              BA0      BA0       27         0
                text12                               2B       2B      361         0
                text11                              D39      D39       9C         0
                text10                              E87      E87       BA         0
                text9                               DD5      DD5       B2         0
                text8                               F41      F41       BF         0
                text7                               CD2      CD2       67         0
                text6                               BF1      BF1       3E         0
                text5                               B70      B70       11         0
                text4                               B65      B65        B         0
                text3                               C74      C74       5E         0
                text2                               B81      B81       1F         0
                text1                               7F1      7F1        D         0
                maintext                            BC7      BC7       2A         0
                idataBANK1                          7FE      7FE        1         0

        CLASS   STRCODE        

        CLASS   STRING         

        CLASS   CONST          

        CLASS   ENTRY          

        CLASS   COMMON         
                cstackCOMMON                         70       70        E         1

        CLASS   BANK0          
                cstackBANK0                          20       20       4F         1

        CLASS   BANK1          
                cstackBANK1                          A0       A0       15         1
                dataBANK1                            C1       C1        1         1
                bssBANK1                             B5       B5        C         1

        CLASS   BANK2          

        CLASS   BANK3          

        CLASS   RAM            

        CLASS   ABS1           
                abs_s1                               7E       7E        2         1

        CLASS   SFR0           

        CLASS   SFR1           

        CLASS   SFR2           

        CLASS   SFR3           

        CLASS   CONFIG         
                config                             2007     2007        2         4

        CLASS   IDLOC          
                idloc                              2000     2000        4         5

        CLASS   EEDATA         

        CLASS   STACK          



SEGMENTS        Name                           Load    Length   Top    Selector   Space  Class     Delta

                reset_vec                      000000  000003  000003         0       0  CODE        2
                intentry                       000004  0007FB  0007FF         8       0  CODE        2
                cstackBANK0                    000020  00004F  00006F        20       1  BANK0       1
                cstackCOMMON                   000070  00000E  00007E        70       1  COMMON      1
                cstackBANK1                    0000A0  000022  0000C2        A0       1  BANK1       1
                text4                          000B65  00000B  000B70      16CA       0  CODE        2
                text5                          000B70  000011  000B81      16E0       0  CODE        2
                text2                          000B81  00001F  000BA0      1702       0  CODE        2
                text13                         000BA0  000027  000BC7      1740       0  CODE        2
                maintext                       000BC7  00002A  000BF1      178E       0  CODE        2
                text6                          000BF1  00003E  000C2F      17E2       0  CODE        2
                text16                         000C2F  000045  000C74      185E       0  CODE        2
                text3                          000C74  00005E  000CD2      18E8       0  CODE        2
                text7                          000CD2  000067  000D39      19A4       0  CODE        2
                text11                         000D39  00009C  000DD5      1A72       0  CODE        2
                text9                          000DD5  0000B2  000E87      1BAA       0  CODE        2
                text10                         000E87  0000BA  000F41      1D0E       0  CODE        2
                text8                          000F41  0000BF  001000      1E82       0  CODE        2


UNUSED ADDRESS RANGES

        Name                Unused          Largest block    Delta
        BANK0            006F-006F              1           1
        BANK1            00C2-00EF             2E           1
        BANK2            0110-016F             60           1
        BANK3            0190-01EF             60           1
        CODE             0003-0003              1           2
                         07FF-0B64              1
                         1000-1FFF            800
        CONST            0003-0003              1           2
                         07FF-0B64            100
                         1000-1FFF            100
        EEDATA           2100-21FF            100           2
        ENTRY            0003-0003              1           2
                         07FF-0B64            100
                         1000-1FFF            100
        RAM              006F-006F              1           1
                         00C2-00EF             2E
                         0110-016F             60
                         0190-01EF             60
        SFR0             0000-001F             20           1
        SFR1             0080-009F             20           1
        SFR2             0100-010F             10           1
        SFR3             0180-018F             10           1
        STRCODE          0003-0003              1           2
                         07FF-0B64            366
                         1000-1FFF           1000
        STRING           0003-0003              1           2
                         07FF-0B64            100
                         1000-1FFF            100

                                  Symbol Table

?__Umul8_16              cstackCOMMON 0070
?___fladd                cstackBANK0  0054
?___fldiv                cstackBANK0  0020
?___flmul                cstackBANK0  003A
?___fltol                cstackBANK0  0068
?___xxtofl               cstackCOMMON 0070
?_map                    cstackBANK1  00A5
ADC_Int@ADFM_Select      cstackBANK1  00B0
ADC_Select@channel       cstackBANK1  00B0
PWM_config@canal         cstackBANK1  00B2
PWM_config@periodo       cstackBANK1  00B0
PWM_duty@canal           cstackCOMMON 0074
PWM_duty@duty            cstackCOMMON 0070
_ADC1                    bssBANK1     00BD
_ADC2                    bssBANK1     00BB
_ADC3                    bssBANK1     00B9
_ADCON0                  (abs)        001F
_ADCON0bits              (abs)        001F
_ADCON1bits              (abs)        009F
_ADC_Change              text6        0BF1
_ADC_Int                 text5        0B70
_ADC_Select              text7        0CD2
_ADIE                    (abs)        0466
_ADIF                    (abs)        0066
_ADRESH                  (abs)        001E
_ANSEL                   (abs)        0188
_ANSELH                  (abs)        0189
_Bandera_ADC             bssBANK1     00C0
_CCP1CON                 (abs)        0017
_CCP1CONbits             (abs)        0017
_CCP2CON                 (abs)        001D
_CCP2CONbits             (abs)        001D
_CCPR1L                  (abs)        0015
_CCPR2L                  (abs)        001B
_Contador_PWM            bssBANK1     00BF
_GIE                     (abs)        005F
_Int_Enable              text4        0B65
_OPTION_REGbits          (abs)        0081
_PEIE                    (abs)        005E
_PIR1bits                (abs)        000C
_PORTA                   (abs)        0005
_PORTB                   (abs)        0006
_PORTC                   (abs)        0007
_PORTCbits               (abs)        0007
_PORTD                   (abs)        0008
_PR2                     (abs)        0092
_PWM_config              text3        0C74
_PWM_duty                text16       0C2F
_Servo1_Val              bssBANK1     00B7
_Servo2_Val              bssBANK1     00B5
_Setup                   text2        0B81
_T0IE                    (abs)        005D
_T0IF                    (abs)        005A
_T2CONbits               (abs)        0012
_TMR0                    (abs)        0001
_TMR0_Config             text1        07F1
_TMR0_Pre                dataBANK1    00C1
_TRISA                   (abs)        0085
_TRISB                   (abs)        0086
_TRISC                   (abs)        0087
_TRISD                   (abs)        0088
__Habs1                  abs1         0000
__Hbank0                 bank0        0000
__Hbank1                 bank1        0000
__Hbank2                 bank2        0000
__Hbank3                 bank3        0000
__HbssBANK1              bssBANK1     0000
__Hcinit                 cinit        002B
__Hclrtext               clrtext      0000
__Hcode                  code         0000
__Hcommon                common       0000
__Hconfig                config       2009
__HcstackBANK0           cstackBANK0  0000
__HcstackBANK1           cstackBANK1  0000
__HcstackCOMMON          cstackCOMMON 0000
__HdataBANK1             dataBANK1    0000
__Heeprom_data           eeprom_data  0000
__Hend_init              end_init     0013
__Hfunctab               functab      0000
__HidataBANK1            idataBANK1   0000
__Hidloc                 idloc        2004
__Hinit                  init         0010
__Hintentry              intentry     0010
__Hmaintext              maintext     0000
__Hpowerup               powerup      0000
__Hram                   ram          0000
__Hreset_vec             reset_vec    0003
__Hsfr0                  sfr0         0000
__Hsfr1                  sfr1         0000
__Hsfr2                  sfr2         0000
__Hsfr3                  sfr3         0000
__Hspace_0               (abs)        1000
__Hspace_1               (abs)        00C2
__Hspace_2               (abs)        0000
__Hspace_3               (abs)        0000
__Hspace_4               (abs)        4010
__Hstack                 stack        0000
__Hstrings               strings      0000
__Htext                  text         0000
__Labs1                  abs1         0000
__Lbank0                 bank0        0000
__Lbank1                 bank1        0000
__Lbank2                 bank2        0000
__Lbank3                 bank3        0000
__LbssBANK1              bssBANK1     0000
__Lcinit                 cinit        0013
__Lclrtext               clrtext      0000
__Lcode                  code         0000
__Lcommon                common       0000
__Lconfig                config       0000
__LcstackBANK0           cstackBANK0  0000
__LcstackBANK1           cstackBANK1  0000
__LcstackCOMMON          cstackCOMMON 0000
__LdataBANK1             dataBANK1    0000
__Leeprom_data           eeprom_data  0000
__Lend_init              end_init     0010
__Lfunctab               functab      0000
__LidataBANK1            idataBANK1   0000
__Lidloc                 idloc        0000
__Linit                  init         0010
__Lintentry              intentry     0004
__Lmaintext              maintext     0000
__Lpowerup               powerup      0000
__Lram                   ram          0000
__Lreset_vec             reset_vec    0000
__Lsfr0                  sfr0         0000
__Lsfr1                  sfr1         0000
__Lsfr2                  sfr2         0000
__Lsfr3                  sfr3         0000
__Lspace_0               (abs)        0000
__Lspace_1               (abs)        0000
__Lspace_2               (abs)        0000
__Lspace_3               (abs)        0000
__Lspace_4               (abs)        0000
__Lstack                 stack        0000
__Lstrings               strings      0000
__Ltext                  text         0000
__S0                     (abs)        1000
__S1                     (abs)        00C2
__S3                     (abs)        0000
__Umul8_16               text13       0BA0
__Umul8_16@multiplicand  cstackCOMMON 0070
__Umul8_16@multiplier    cstackCOMMON 0078
__Umul8_16@product       cstackCOMMON 0074
__Umul8_16@word_mpld     cstackCOMMON 0076
___fladd                 text15       038C
___fladd@a               cstackBANK0  0058
___fladd@aexp            cstackBANK0  0065
___fladd@b               cstackBANK0  0054
___fladd@bexp            cstackBANK0  0066
___fladd@grs             cstackBANK0  0067
___fladd@signs           cstackBANK0  0064
___fldiv                 text14       0614
___fldiv@a               cstackBANK0  0020
___fldiv@aexp            cstackBANK0  0039
___fldiv@b               cstackBANK0  0024
___fldiv@bexp            cstackBANK0  0038
___fldiv@grs             cstackBANK0  0034
___fldiv@new_exp         cstackBANK0  0032
___fldiv@rem             cstackBANK0  002D
___fldiv@sign            cstackBANK0  0031
___flmul                 text12       002B
___flmul@a               cstackBANK0  003E
___flmul@aexp            cstackBANK0  004C
___flmul@b               cstackBANK0  003A
___flmul@bexp            cstackBANK0  004D
___flmul@grs             cstackBANK0  0048
___flmul@prod            cstackBANK0  004E
___flmul@sign            cstackBANK0  0047
___flmul@temp            cstackBANK0  0052
___fltol                 text11       0D39
___fltol@exp1            cstackBANK0  006D
___fltol@f1              cstackBANK0  0068
___fltol@sign1           cstackBANK0  006C
___int_sp                stack        0000
___latbits               (abs)        0002
___sp                    stack        0000
___stackhi               (abs)        0000
___stacklo               (abs)        0000
___xxtofl                text10       0E87
___xxtofl@arg            cstackCOMMON 007A
___xxtofl@exp            cstackCOMMON 0079
___xxtofl@sign           cstackCOMMON 0078
___xxtofl@val            cstackCOMMON 0070
__end_of_ADC_Change      text6        0C2F
__end_of_ADC_Int         text5        0B81
__end_of_ADC_Select      text7        0D39
__end_of_Int_Enable      text4        0B70
__end_of_PWM_config      text3        0CD2
__end_of_PWM_duty        text16       0C74
__end_of_Setup           text2        0BA0
__end_of_TMR0_Config     text1        07FE
__end_of__Umul8_16       text13       0BC7
__end_of___fladd         text15       0614
__end_of___fldiv         text14       07F1
__end_of___flmul         text12       038C
__end_of___fltol         text11       0DD5
__end_of___xxtofl        text10       0F41
__end_of__initialization cinit        0027
__end_of_isr             text8        1000
__end_of_main            maintext     0BF1
__end_of_map             text9        0E87
__initialization         cinit        0013
__pbssBANK1              bssBANK1     00B5
__pcstackBANK0           cstackBANK0  0020
__pcstackBANK1           cstackBANK1  00A0
__pcstackCOMMON          cstackCOMMON 0070
__pdataBANK1             dataBANK1    00C1
__pidataBANK1            idataBANK1   07FE
__pintentry              intentry     0004
__pmaintext              maintext     0BC7
__ptext1                 text1        07F1
__ptext10                text10       0E87
__ptext11                text11       0D39
__ptext12                text12       002B
__ptext13                text13       0BA0
__ptext14                text14       0614
__ptext15                text15       038C
__ptext16                text16       0C2F
__ptext2                 text2        0B81
__ptext3                 text3        0C74
__ptext4                 text4        0B65
__ptext5                 text5        0B70
__ptext6                 text6        0BF1
__ptext7                 text7        0CD2
__ptext8                 text8        0F41
__ptext9                 text9        0DD5
_isr                     text8        0F41
_main                    maintext     0BC7
_map                     text9        0DD5
btemp                    (abs)        007E
end_of_initialization    cinit        0027
interrupt_function       intentry     0004
intlevel0                functab      0000
intlevel1                functab      0000
intlevel2                functab      0000
intlevel3                functab      0000
intlevel4                functab      0000
intlevel5                functab      0000
map@x                    cstackBANK0  006E
map@x0                   cstackBANK1  00A5
map@x1                   cstackBANK1  00A6
map@y0                   cstackBANK1  00A7
map@y1                   cstackBANK1  00A9
reset_vec                reset_vec    0000
saved_w                  (abs)        007E
start                    init         0010
start_initialization     cinit        0013
wtemp0                   (abs)        007E


MODULE INFORMATION

Module		Function		Class		Link	Load	Size
C:\Program Files\Microchip\xc8\v2.36\pic\sources\c90\common\sprcmul.c
		___flmul       		CODE           	002B	0000	865

C:\Program Files\Microchip\xc8\v2.36\pic\sources\c90\common\sprcmul.c estimated size: 865

C:\Program Files\Microchip\xc8\v2.36\pic\sources\c90\common\fltol.c
		___fltol       		CODE           	0D39	0000	156

C:\Program Files\Microchip\xc8\v2.36\pic\sources\c90\common\fltol.c estimated size: 156

C:\Program Files\Microchip\xc8\v2.36\pic\sources\c90\common\sprcdiv.c
		___fldiv       		CODE           	0614	0000	477

C:\Program Files\Microchip\xc8\v2.36\pic\sources\c90\common\sprcdiv.c estimated size: 477

PWM.c
		_PWM_config    		CODE           	0C74	0000	94
		_PWM_duty      		CODE           	0C2F	0000	69

PWM.c estimated size: 163

shared
		__initialization		CODE           	0013	0000	20

shared estimated size: 20

ADC.c
		_ADC_Int       		CODE           	0B70	0000	17
		_ADC_Select    		CODE           	0CD2	0000	103

ADC.c estimated size: 120

C:\Program Files\Microchip\xc8\v2.36\pic\sources\c90\common\xxtofl.c
		___xxtofl      		CODE           	0E87	0000	186

C:\Program Files\Microchip\xc8\v2.36\pic\sources\c90\common\xxtofl.c estimated size: 186

Map.c
		_map           		CODE           	0DD5	0000	178

Map.c estimated size: 178

C:\Program Files\Microchip\xc8\v2.36\pic\sources\c90\common\sprcadd.c
		___fladd       		CODE           	038C	0000	648

C:\Program Files\Microchip\xc8\v2.36\pic\sources\c90\common\sprcadd.c estimated size: 648

main.c
		_TMR0_Config   		CODE           	07F1	0000	13
		_main          		CODE           	0BC7	0000	42
		_ADC_Change    		CODE           	0BF1	0000	62
		_Setup         		CODE           	0B81	0000	31
		_isr           		CODE           	0F41	0000	191
		_Int_Enable    		CODE           	0B65	0000	11

main.c estimated size: 350

C:\Program Files\Microchip\xc8\v2.36\pic\sources\c90\common\Umul8_16.c
		__Umul8_16     		CODE           	0BA0	0000	39

C:\Program Files\Microchip\xc8\v2.36\pic\sources\c90\common\Umul8_16.c estimated size: 39

